07-27 17:40:55.934  1735  7080 E Parcel  : 	at android.os.Message.-$$Nest$mreadFromParcel(Unknown Source:0)
07-27 17:40:55.934  1735  7080 E Parcel  : 	at android.os.Message$1.createFromParcel(Message.java:612)
07-27 17:40:55.934  1735  7080 E Parcel  : 	at android.os.Message$1.createFromParcel(Message.java:609)
07-27 17:40:55.934  1735  7080 E Parcel  : 	at android.os.Parcel.readParcelableInternal(Parcel.java:4772)
07-27 17:40:55.934  1735  7080 E Parcel  : 	at android.os.Parcel.readParcelable(Parcel.java:4740)
07-27 17:40:55.934  1735  7080 E Parcel  : 	at android.media.session.ParcelableListBinder.onTransact(ParcelableListBinder.java:86)
07-27 17:40:55.934  1735  7080 E Parcel  : 	at android.os.Binder.execTransactInternal(Binder.java:1280)
07-27 17:40:55.934  1735  7080 E Parcel  : 	at android.os.Binder.execTransact(Binder.java:1244)
07-27 17:40:55.934  1735  7080 E Parcel  : 	at android.os.BinderProxy.transactNative(Native Method)
07-27 17:40:55.934  1735  7080 E Parcel  : 	at android.os.BinderProxy.transact(BinderProxy.java:584)
07-27 17:40:55.934  1735  7080 E Parcel  : 	at android.content.pm.BaseParceledListSlice.<init>(BaseParceledListSlice.java:94)
07-27 17:40:55.934  1735  7080 E Parcel  : 	at android.content.pm.ParceledListSlice.<init>(ParceledListSlice.java:42)
07-27 17:40:55.934  1735  7080 E Parcel  : 	at android.content.pm.ParceledListSlice.<init>(Unknown Source:0)
07-27 17:40:55.934  1735  7080 E Parcel  : 	at android.content.pm.ParceledListSlice$1.createFromParcel(ParceledListSlice.java:85)
07-27 17:40:55.934  1735  7080 E Parcel  : 	at android.content.pm.ParceledListSlice$1.createFromParcel(ParceledListSlice.java:78)
07-27 17:40:55.934  1735  7080 E Parcel  : 	at android.os.Parcel.readParcelableInternal(Parcel.java:4770)
07-27 17:40:55.934  1735  7080 E Parcel  : 	at android.os.Parcel.readParcelable(Parcel.java:4740)
07-27 17:40:55.934  1735  7080 E Parcel  : 	at android.media.session.ParcelableListBinder.onTransact(ParcelableListBinder.java:86)
07-27 17:40:55.934  1735  7080 E Parcel  : 	at android.os.Binder.execTransactInternal(Binder.java:1280)
07-27 17:40:55.934  1735  7080 E Parcel  : 	at android.os.Binder.execTransact(Binder.java:1244)
07-27 17:40:55.934  1735  7080 E Parcel  : 	at android.os.BinderProxy.transactNative(Native Method)
07-27 17:40:55.934  1735  7080 E Parcel  : 	at android.os.BinderProxy.transact(BinderProxy.java:584)
07-27 17:40:55.934  1735  7080 E Parcel  : 	at android.content.pm.BaseParceledListSlice.<init>(BaseParceledListSlice.java:94)
07-27 17:40:55.934  1735  7080 E Parcel  : 	at android.content.pm.ParceledListSlice.<init>(ParceledListSlice.java:42)
07-27 17:40:55.934  1735  7080 E Parcel  : 	at android.content.pm.ParceledListSlice.<init>(Unknown Source:0)
07-27 17:40:55.934  1735  7080 E Parcel  : 	at android.content.pm.ParceledListSlice$1.createFromParcel(ParceledListSlice.java:85)
07-27 17:40:55.934  1735  7080 E Parcel  : 	at android.content.pm.ParceledListSlice$1.createFromParcel(ParceledListSlice.java:78)
07-27 17:40:55.934  1735  7080 E Parcel  : 	at android.os.Parcel.readParcelableInternal(Parcel.java:4770)
07-27 17:40:55.934  1735  7080 E Parcel  : 	at android.os.Parcel.readParcelable(Parcel.java:4740)
07-27 17:40:55.934  1735  7080 E Parcel  : 	at android.media.session.ParcelableListBinder.onTransact(ParcelableListBinder.java:86)
07-27 17:40:55.934  1735  7080 E Parcel  : 	at android.os.Binder.execTransactInternal(Binder.java:1280)
07-27 17:40:55.934  1735  7080 E Parcel  : 	at android.os.Binder.execTransact(Binder.java:1244)
07-27 17:40:55.934  1735  7080 E Parcel  : 	at android.os.BinderProxy.transactNative(Native Method)
07-27 17:40:55.934  1735  7080 E Parcel  : 	at android.os.BinderProxy.transact(BinderProxy.java:584)
07-27 17:40:55.934  1735  7080 E Parcel  : 	at android.content.pm.BaseParceledListSlice.<init>(BaseParceledListSlice.java:94)
07-27 17:40:55.934  1735  7080 E Parcel  : 	at android.content.pm.ParceledListSlice.<init>(ParceledListSlice.java:42)
07-27 17:40:55.934  1735  7080 E Parcel  : 	at android.content.pm.ParceledListSlice.<init>(Unknown Source:0)
07-27 17:40:55.934  1735  7080 E Parcel  : 	at android.content.pm.ParceledListSlice$1.createFromParcel(ParceledListSlice.java:85)
07-27 17:40:55.934  1735  7080 E Parcel  : 	at android.content.pm.ParceledListSlice$1.createFromParcel(ParceledListSlice.java:78)
07-27 17:40:55.934  1735  7080 E Parcel  : 	at android.os.Parcel.readParcelableInternal(Parcel.java:4770)
07-27 17:40:55.934  1735  7080 E Parcel  : 	at android.os.Parcel.readParcelable(Parcel.java:4740)
07-27 17:40:55.934  1735  7080 E Parcel  : 	at android.media.session.ParcelableListBinder.onTransact(ParcelableListBinder.java:86)
07-27 17:40:55.934  1735  7080 E Parcel  : 	at android.os.Binder.execTransactInternal(Binder.java:1280)
07-27 17:40:55.934  1735  7080 E Parcel  : 	at android.os.Binder.execTransact(Binder.java:1244)
07-27 17:40:55.934  1735  7080 E Parcel  : 	at android.os.BinderProxy.transactNative(Native Method)
07-27 17:40:55.934  1735  7080 E Parcel  : 	at android.os.BinderProxy.transact(BinderProxy.java:584)
07-27 17:40:55.934  1735  7080 E Parcel  : 	at android.content.pm.BaseParceledListSlice.<init>(BaseParceledListSlice.java:94)
07-27 17:40:55.934  1735  7080 E Parcel  : 	at android.content.pm.ParceledListSlice.<init>(ParceledListSlice.java:42)
07-27 17:40:55.934  1735  7080 E Parcel  : 	at android.content.pm.ParceledListSlice.<init>(Unknown Source:0)
07-27 17:40:55.934  1735  7080 E Parcel  : 	at android.content.pm.ParceledListSlice$1.createFromParcel(ParceledListSlice.java:85)
07-27 17:40:55.934  1735  7080 E Parcel  : 	at android.content.pm.ParceledListSlice$1.createFromParcel(ParceledListSlice.java:78)
07-27 17:40:55.934  1735  7080 E Parcel  : 	at android.os.Parcel.readParcelableInternal(Parcel.java:4770)
07-27 17:40:55.934  1735  7080 E Parcel  : 	at android.os.Parcel.readParcelable(Parcel.java:4740)
07-27 17:40:55.934  1735  7080 E Parcel  : 	at android.media.session.ParcelableListBinder.onTransact(ParcelableListBinder.java:86)
07-27 17:40:55.934  1735  7080 E Parcel  : 	at android.os.Binder.execTransactInternal(Binder.java:1280)
07-27 17:40:55.934  1735  7080 E Parcel  : 	at android.os.Binder.execTransact(Binder.java:1244)
07-27 17:40:55.935  1735  7080 W Parcel  : Attempt to read object from Parcel 0x751226fb40 at offset 128 that is not in the object list
07-27 17:40:55.937  1735  7080 E Parcel  : Class not found when unmarshalling: .
07-27 17:40:55.937  1735  7080 E Parcel  : java.lang.ClassNotFoundException: Invalid name: .
07-27 17:40:55.937  1735  7080 E Parcel  : 	at java.lang.Class.classForName(Native Method)
07-27 17:40:55.937  1735  7080 E Parcel  : 	at java.lang.Class.forName(Class.java:454)
07-27 17:40:55.937  1735  7080 E Parcel  : 	at android.os.Parcel.readParcelableCreatorInternal(Parcel.java:4866)
07-27 17:40:55.937  1735  7080 E Parcel  : 	at android.os.Parcel.readParcelableInternal(Parcel.java:4763)
07-27 17:40:55.937  1735  7080 E Parcel  : 	at android.os.Parcel.readValue(Parcel.java:4529)
07-27 17:40:55.937  1735  7080 E Parcel  : 	at android.os.Parcel.readValue(Parcel.java:4312)
07-27 17:40:55.937  1735  7080 E Parcel  : 	at android.os.Parcel.-$$Nest$mreadValue(Unknown Source:0)
07-27 17:40:55.937  1735  7080 E Parcel  : 	at android.os.Parcel$LazyValue.apply(Parcel.java:4407)
07-27 17:40:55.937  1735  7080 E Parcel  : 	at android.os.Parcel$LazyValue.apply(Parcel.java:4366)
07-27 17:40:55.937  1735  7080 E Parcel  : 	at android.os.BaseBundle.getValueAt(BaseBundle.java:394)
07-27 17:40:55.937  1735  7080 E Parcel  : 	at android.os.BaseBundle.unparcel(BaseBundle.java:330)
07-27 17:40:55.937  1735  7080 E Parcel  : 	at android.os.BaseBundle.readFromParcelInner(BaseBundle.java:1848)
07-27 17:40:55.937  1735  7080 E Parcel  : 	at android.os.BaseBundle.<init>(BaseBundle.java:170)
07-27 17:40:55.937  1735  7080 E Parcel  : 	at android.os.Bundle.<init>(Bundle.java:103)
07-27 17:40:55.937  1735  7080 E Parcel  : 	at android.os.Parcel.readBundle(Parcel.java:3306)
07-27 17:40:55.937  1735  7080 E Parcel  : 	at android.os.Parcel.readBundle(Parcel.java:3289)
07-27 17:40:55.937  1735  7080 E Parcel  : 	at android.widget.RemoteViews$ReflectionAction.<init>(RemoteViews.java:1909)
07-27 17:40:55.937  1735  7080 E Parcel  : 	at android.widget.RemoteViews.getActionFromParcel(RemoteViews.java:3900)
07-27 17:40:55.937  1735  7080 E Parcel  : 	at android.widget.RemoteViews.readActionsFromParcel(RemoteViews.java:3887)
07-27 17:40:55.937  1735  7080 E Parcel  : 	at android.widget.RemoteViews.<init>(RemoteViews.java:3844)
07-27 17:40:55.937  1735  7080 E Parcel  : 	at android.widget.RemoteViews.<init>(RemoteViews.java:3815)
07-27 17:40:55.937  1735  7080 E Parcel  : 	at android.widget.RemoteViews$2.createFromParcel(RemoteViews.java:6292)
07-27 17:40:55.937  1735  7080 E Parcel  : 	at android.widget.RemoteViews$2.createFromParcel(RemoteViews.java:6290)
07-27 17:40:55.937  1735  7080 E Parcel  : 	at android.os.Parcel.readParcelableInternal(Parcel.java:4772)
07-27 17:40:55.937  1735  7080 E Parcel  : 	at android.os.Parcel.readParcelable(Parcel.java:4754)
07-27 17:40:55.937  1735  7080 E Parcel  : 	at android.os.Message.readFromParcel(Message.java:657)
07-27 17:40:55.937  1735  7080 E Parcel  : 	at android.os.Message.-$$Nest$mreadFromParcel(Unknown Source:0)
07-27 17:40:55.937  1735  7080 E Parcel  : 	at android.os.Message$1.createFromParcel(Message.java:612)
07-27 17:40:55.937  1735  7080 E Parcel  : 	at android.os.Message$1.createFromParcel(Message.java:609)
07-27 17:40:55.937  1735  7080 E Parcel  : 	at android.os.Parcel.readParcelableInternal(Parcel.java:4772)
07-27 17:40:55.937  1735  7080 E Parcel  : 	at android.os.Parcel.readParcelable(Parcel.java:4740)
07-27 17:40:55.937  1735  7080 E Parcel  : 	at android.media.session.ParcelableListBinder.onTransact(ParcelableListBinder.java:86)
07-27 17:40:55.937  1735  7080 E Parcel  : 	at android.os.Binder.execTransactInternal(Binder.java:1280)
07-27 17:40:55.937  1735  7080 E Parcel  : 	at android.os.Binder.execTransact(Binder.java:1244)
07-27 17:40:55.937  1735  7080 E Parcel  : 	at android.os.BinderProxy.transactNative(Native Method)
07-27 17:40:55.937  1735  7080 E Parcel  : 	at android.os.BinderProxy.transact(BinderProxy.java:584)
07-27 17:40:55.937  1735  7080 E Parcel  : 	at android.content.pm.BaseParceledListSlice.<init>(BaseParceledListSlice.java:94)
07-27 17:40:55.937  1735  7080 E Parcel  : 	at android.content.pm.ParceledListSlice.<init>(ParceledListSlice.java:42)
07-27 17:40:55.937  1735  7080 E Parcel  : 	at android.content.pm.ParceledListSlice.<init>(Unknown Source:0)
07-27 17:40:55.937  1735  7080 E Parcel  : 	at android.content.pm.ParceledListSlice$1.createFromParcel(ParceledListSlice.java:85)
07-27 17:40:55.937  1735  7080 E Parcel  : 	at android.content.pm.ParceledListSlice$1.createFromParcel(ParceledListSlice.java:78)
07-27 17:40:55.937  1735  7080 E Parcel  : 	at android.os.Parcel.readParcelableInternal(Parcel.java:4770)
07-27 17:40:55.937  1735  7080 E Parcel  : 	at android.os.Parcel.readParcelable(Parcel.java:4740)
07-27 17:40:55.937  1735  7080 E Parcel  : 	at android.media.session.ParcelableListBinder.onTransact(ParcelableListBinder.java:86)
07-27 17:40:55.937  1735  7080 E Parcel  : 	at android.os.Binder.execTransactInternal(Binder.java:1280)
07-27 17:40:55.937  1735  7080 E Parcel  : 	at android.os.Binder.execTransact(Binder.java:1244)
07-27 17:40:55.937  1735  7080 E Parcel  : 	at android.os.BinderProxy.transactNative(Native Method)
07-27 17:40:55.937  1735  7080 E Parcel  : 	at android.os.BinderProxy.transact(BinderProxy.java:584)
07-27 17:40:55.937  1735  7080 E Parcel  : 	at android.content.pm.BaseParceledListSlice.<init>(BaseParceledListSlice.java:94)
07-27 17:40:55.937  1735  7080 E Parcel  : 	at android.content.pm.ParceledListSlice.<init>(ParceledListSlice.java:42)
07-27 17:40:55.937  1735  7080 E Parcel  : 	at android.content.pm.ParceledListSlice.<init>(Unknown Source:0)
07-27 17:40:55.937  1735  7080 E Parcel  : 	at android.content.pm.ParceledListSlice$1.createFromParcel(ParceledListSlice.java:85)
07-27 17:40:55.937  1735  7080 E Parcel  : 	at android.content.pm.ParceledListSlice$1.createFromParcel(ParceledListSlice.java:78)
07-27 17:40:55.937  1735  7080 E Parcel  : 	at android.os.Parcel.readParcelableInternal(Parcel.java:4770)
07-27 17:40:55.937  1735  7080 E Parcel  : 	at android.os.Parcel.readParcelable(Parcel.java:4740)
07-27 17:40:55.937  1735  7080 E Parcel  : 	at android.media.session.ParcelableListBinder.onTransact(ParcelableListBinder.java:86)
07-27 17:40:55.937  1735  7080 E Parcel  : 	at android.os.Binder.execTransactInternal(Binder.java:1280)
07-27 17:40:55.937  1735  7080 E Parcel  : 	at android.os.Binder.execTransact(Binder.java:1244)
07-27 17:40:55.937  1735  7080 E Parcel  : 	at android.os.BinderProxy.transactNative(Native Method)
07-27 17:40:55.937  1735  7080 E Parcel  : 	at android.os.BinderProxy.transact(BinderProxy.java:584)
07-27 17:40:55.937  1735  7080 E Parcel  : 	at android.content.pm.BaseParceledListSlice.<init>(BaseParceledListSlice.java:94)
07-27 17:40:55.938  1735  7080 E Parcel  : 	at android.content.pm.ParceledListSlice.<init>(ParceledListSlice.java:42)
07-27 17:40:55.938  1735  7080 E Parcel  : 	at android.content.pm.ParceledListSlice.<init>(Unknown Source:0)
07-27 17:40:55.938  1735  7080 E Parcel  : 	at android.content.pm.ParceledListSlice$1.createFromParcel(ParceledListSlice.java:85)
07-27 17:40:55.938  1735  7080 E Parcel  : 	at android.content.pm.ParceledListSlice$1.createFromParcel(ParceledListSlice.java:78)
07-27 17:40:55.938  1735  7080 E Parcel  : 	at android.os.Parcel.readParcelableInternal(Parcel.java:4770)
07-27 17:40:55.938  1735  7080 E Parcel  : 	at android.os.Parcel.readParcelable(Parcel.java:4740)
07-27 17:40:55.938  1735  7080 E Parcel  : 	at android.media.session.ParcelableListBinder.onTransact(ParcelableListBinder.java:86)
07-27 17:40:55.938  1735  7080 E Parcel  : 	at android.os.Binder.execTransactInternal(Binder.java:1280)
07-27 17:40:55.938  1735  7080 E Parcel  : 	at android.os.Binder.execTransact(Binder.java:1244)
07-27 17:40:55.938  1735  7080 E Parcel  : 	at android.os.BinderProxy.transactNative(Native Method)
07-27 17:40:55.938  1735  7080 E Parcel  : 	at android.os.BinderProxy.transact(BinderProxy.java:584)
07-27 17:40:55.938  1735  7080 E Parcel  : 	at android.content.pm.BaseParceledListSlice.<init>(BaseParceledListSlice.java:94)
07-27 17:40:55.938  1735  7080 E Parcel  : 	at android.content.pm.ParceledListSlice.<init>(ParceledListSlice.java:42)
07-27 17:40:55.938  1735  7080 E Parcel  : 	at android.content.pm.ParceledListSlice.<init>(Unknown Source:0)
07-27 17:40:55.938  1735  7080 E Parcel  : 	at android.content.pm.ParceledListSlice$1.createFromParcel(ParceledListSlice.java:85)
07-27 17:40:55.938  1735  7080 E Parcel  : 	at android.content.pm.ParceledListSlice$1.createFromParcel(ParceledListSlice.java:78)
07-27 17:40:55.938  1735  7080 E Parcel  : 	at android.os.Parcel.readParcelableInternal(Parcel.java:4770)
07-27 17:40:55.938  1735  7080 E Parcel  : 	at android.os.Parcel.readParcelable(Parcel.java:4740)
07-27 17:40:55.938  1735  7080 E Parcel  : 	at android.media.session.ParcelableListBinder.onTransact(ParcelableListBinder.java:86)
07-27 17:40:55.938  1735  7080 E Parcel  : 	at android.os.Binder.execTransactInternal(Binder.java:1280)
07-27 17:40:55.938  1735  7080 E Parcel  : 	at android.os.Binder.execTransact(Binder.java:1244)
07-27 17:40:55.938  1735  7080 E Parcel  : 	at android.os.BinderProxy.transactNative(Native Method)
07-27 17:40:55.938  1735  7080 E Parcel  : 	at android.os.BinderProxy.transact(BinderProxy.java:584)
07-27 17:40:55.938  1735  7080 E Parcel  : 	at android.content.pm.BaseParceledListSlice.<init>(BaseParceledListSlice.java:94)
07-27 17:40:55.938  1735  7080 E Parcel  : 	at android.content.pm.ParceledListSlice.<init>(ParceledListSlice.java:42)
07-27 17:40:55.938  1735  7080 E Parcel  : 	at android.content.pm.ParceledListSlice.<init>(Unknown Source:0)
07-27 17:40:55.938  1735  7080 E Parcel  : 	at android.content.pm.ParceledListSlice$1.createFromParcel(ParceledListSlice.java:85)
07-27 17:40:55.938  1735  7080 E Parcel  : 	at android.content.pm.ParceledListSlice$1.createFromParcel(ParceledListSlice.java:78)
07-27 17:40:55.938  1735  7080 E Parcel  : 	at android.os.Parcel.readParcelableInternal(Parcel.java:4770)
07-27 17:40:55.938  1735  7080 E Parcel  : 	at android.os.Parcel.readParcelable(Parcel.java:4740)
07-27 17:40:55.938  1735  7080 E Parcel  : 	at android.media.session.ParcelableListBinder.onTransact(ParcelableListBinder.java:86)
07-27 17:40:55.938  1735  7080 E Parcel  : 	at android.os.Binder.execTransactInternal(Binder.java:1280)
07-27 17:40:55.938  1735  7080 E Parcel  : 	at android.os.Binder.execTransact(Binder.java:1244)
07-27 17:40:55.938  1735  7080 W Bundle  : Failed to parse item android.os.Message, returning null.
07-27 17:40:55.938  1735  7080 W Bundle  : android.os.BadParcelableException: ClassNotFoundException when unmarshalling: .
07-27 17:40:55.938  1735  7080 W Bundle  : 	at android.os.Parcel.readParcelableCreatorInternal(Parcel.java:4900)
07-27 17:40:55.938  1735  7080 W Bundle  : 	at android.os.Parcel.readParcelableInternal(Parcel.java:4763)
07-27 17:40:55.938  1735  7080 W Bundle  : 	at android.os.Parcel.readValue(Parcel.java:4529)
07-27 17:40:55.938  1735  7080 W Bundle  : 	at android.os.Parcel.readValue(Parcel.java:4312)
07-27 17:40:55.938  1735  7080 W Bundle  : 	at android.os.Parcel.-$$Nest$mreadValue(Unknown Source:0)
07-27 17:40:55.938  1735  7080 W Bundle  : 	at android.os.Parcel$LazyValue.apply(Parcel.java:4407)
07-27 17:40:55.938  1735  7080 W Bundle  : 	at android.os.Parcel$LazyValue.apply(Parcel.java:4366)
07-27 17:40:55.938  1735  7080 W Bundle  : 	at android.os.BaseBundle.getValueAt(BaseBundle.java:394)
07-27 17:40:55.938  1735  7080 W Bundle  : 	at android.os.BaseBundle.unparcel(BaseBundle.java:330)
07-27 17:40:55.938  1735  7080 W Bundle  : 	at android.os.BaseBundle.readFromParcelInner(BaseBundle.java:1848)
07-27 17:40:55.938  1735  7080 W Bundle  : 	at android.os.BaseBundle.<init>(BaseBundle.java:170)
07-27 17:40:55.938  1735  7080 W Bundle  : 	at android.os.Bundle.<init>(Bundle.java:103)
07-27 17:40:55.938  1735  7080 W Bundle  : 	at android.os.Parcel.readBundle(Parcel.java:3306)
07-27 17:40:55.938  1735  7080 W Bundle  : 	at android.os.Parcel.readBundle(Parcel.java:3289)
07-27 17:40:55.938  1735  7080 W Bundle  : 	at android.widget.RemoteViews$ReflectionAction.<init>(RemoteViews.java:1909)
07-27 17:40:55.938  1735  7080 W Bundle  : 	at android.widget.RemoteViews.getActionFromParcel(RemoteViews.java:3900)
07-27 17:40:55.938  1735  7080 W Bundle  : 	at android.widget.RemoteViews.readActionsFromParcel(RemoteViews.java:3887)
07-27 17:40:55.938  1735  7080 W Bundle  : 	at android.widget.RemoteViews.<init>(RemoteViews.java:3844)
07-27 17:40:55.938  1735  7080 W Bundle  : 	at android.widget.RemoteViews.<init>(RemoteViews.java:3815)
07-27 17:40:55.938  1735  7080 W Bundle  : 	at android.widget.RemoteViews$2.createFromParcel(RemoteViews.java:6292)
07-27 17:40:55.938  1735  7080 W Bundle  : 	at android.widget.RemoteViews$2.createFromParcel(RemoteViews.java:6290)
07-27 17:40:55.938  1735  7080 W Bundle  : 	at android.os.Parcel.readParcelableInternal(Parcel.java:4772)
07-27 17:40:55.938  1735  7080 W Bundle  : 	at android.os.Parcel.readParcelable(Parcel.java:4754)
07-27 17:40:55.938  1735  7080 W Bundle  : 	at android.os.Message.readFromParcel(Message.java:657)
07-27 17:40:55.938  1735  7080 W Bundle  : 	at android.os.Message.-$$Nest$mreadFromParcel(Unknown Source:0)
07-27 17:40:55.938  1735  7080 W Bundle  : 	at android.os.Message$1.createFromParcel(Message.java:612)
07-27 17:40:55.938  1735  7080 W Bundle  : 	at android.os.Message$1.createFromParcel(Message.java:609)
07-27 17:40:55.938  1735  7080 W Bundle  : 	at android.os.Parcel.readParcelableInternal(Parcel.java:4772)
07-27 17:40:55.938  1735  7080 W Bundle  : 	at android.os.Parcel.readParcelable(Parcel.java:4740)
07-27 17:40:55.938  1735  7080 W Bundle  : 	at android.media.session.ParcelableListBinder.onTransact(ParcelableListBinder.java:86)
07-27 17:40:55.938  1735  7080 W Bundle  : 	at android.os.Binder.execTransactInternal(Binder.java:1280)
07-27 17:40:55.938  1735  7080 W Bundle  : 	at android.os.Binder.execTransact(Binder.java:1244)
07-27 17:40:55.938  1735  7080 W Bundle  : 	at android.os.BinderProxy.transactNative(Native Method)
07-27 17:40:55.938  1735  7080 W Bundle  : 	at android.os.BinderProxy.transact(BinderProxy.java:584)
07-27 17:40:55.938  1735  7080 W Bundle  : 	at android.content.pm.BaseParceledListSlice.<init>(BaseParceledListSlice.java:94)
07-27 17:40:55.938  1735  7080 W Bundle  : 	at android.content.pm.ParceledListSlice.<init>(ParceledListSlice.java:42)
07-27 17:40:55.938  1735  7080 W Bundle  : 	at android.content.pm.ParceledListSlice.<init>(Unknown Source:0)
07-27 17:40:55.938  1735  7080 W Bundle  : 	at android.content.pm.ParceledListSlice$1.createFromParcel(ParceledListSlice.java:85)
07-27 17:40:55.938  1735  7080 W Bundle  : 	at android.content.pm.ParceledListSlice$1.createFromParcel(ParceledListSlice.java:78)
07-27 17:40:55.938  1735  7080 W Bundle  : 	at android.os.Parcel.readParcelableInternal(Parcel.java:4770)
07-27 17:40:55.938  1735  7080 W Bundle  : 	at android.os.Parcel.readParcelable(Parcel.java:4740)
07-27 17:40:55.938  1735  7080 W Bundle  : 	at android.media.session.ParcelableListBinder.onTransact(ParcelableListBinder.java:86)
07-27 17:40:55.938  1735  7080 W Bundle  : 	at android.os.Binder.execTransactInternal(Binder.java:1280)
07-27 17:40:55.938  1735  7080 W Bundle  : 	at android.os.Binder.execTransact(Binder.java:1244)
07-27 17:40:55.938  1735  7080 W Bundle  : 	at android.os.BinderProxy.transactNative(Native Method)
07-27 17:40:55.938  1735  7080 W Bundle  : 	at android.os.BinderProxy.transact(BinderProxy.java:584)
07-27 17:40:55.938  1735  7080 W Bundle  : 	at android.content.pm.BaseParceledListSlice.<init>(BaseParceledListSlice.java:94)
07-27 17:40:55.938  1735  7080 W Bundle  : 	at android.content.pm.ParceledListSlice.<init>(ParceledListSlice.java:42)
07-27 17:40:55.938  1735  7080 W Bundle  : 	at android.content.pm.ParceledListSlice.<init>(Unknown Source:0)
07-27 17:40:55.938  1735  7080 W Bundle  : 	at android.content.pm.ParceledListSlice$1.createFromParcel(ParceledListSlice.java:85)
07-27 17:40:55.938  1735  7080 W Bundle  : 	at android.content.pm.ParceledListSlice$1.createFromParcel(ParceledListSlice.java:78)
07-27 17:40:55.938  1735  7080 W Bundle  : 	at android.os.Parcel.readParcelableInternal(Parcel.java:4770)
07-27 17:40:55.938  1735  7080 W Bundle  : 	at android.os.Parcel.readParcelable(Parcel.java:4740)
07-27 17:40:55.938  1735  7080 W Bundle  : 	at android.media.session.ParcelableListBinder.onTransact(ParcelableListBinder.java:86)
07-27 17:40:55.938  1735  7080 W Bundle  : 	at android.os.Binder.execTransactInternal(Binder.java:1280)
07-27 17:40:55.938  1735  7080 W Bundle  : 	at android.os.Binder.execTransact(Binder.java:1244)
07-27 17:40:55.938  1735  7080 W Bundle  : 	at android.os.BinderProxy.transactNative(Native Method)
07-27 17:40:55.938  1735  7080 W Bundle  : 	at android.os.BinderProxy.transact(BinderProxy.java:584)
07-27 17:40:55.938  1735  7080 W Bundle  : 	at android.content.pm.BaseParceledListSlice.<init>(BaseParceledListSlice.java:94)
07-27 17:40:55.939  1735  7080 W Bundle  : 	at android.content.pm.ParceledListSlice.<init>(ParceledListSlice.java:42)
07-27 17:40:55.939  1735  7080 W Bundle  : 	at android.content.pm.ParceledListSlice.<init>(Unknown Source:0)
07-27 17:40:55.939  1735  7080 W Bundle  : 	at android.content.pm.ParceledListSlice$1.createFromParcel(ParceledListSlice.java:85)
07-27 17:40:55.939  1735  7080 W Bundle  : 	at android.content.pm.ParceledListSlice$1.createFromParcel(ParceledListSlice.java:78)
07-27 17:40:55.939  1735  7080 W Bundle  : 	at android.os.Parcel.readParcelableInternal(Parcel.java:4770)
07-27 17:40:55.939  1735  7080 W Bundle  : 	at android.os.Parcel.readParcelable(Parcel.java:4740)
07-27 17:40:55.939  1735  7080 W Bundle  : 	at android.media.session.ParcelableListBinder.onTransact(ParcelableListBinder.java:86)
07-27 17:40:55.939  1735  7080 W Bundle  : 	at android.os.Binder.execTransactInternal(Binder.java:1280)
07-27 17:40:55.939  1735  7080 W Bundle  : 	at android.os.Binder.execTransact(Binder.java:1244)
07-27 17:40:55.939  1735  7080 W Bundle  : 	at android.os.BinderProxy.transactNative(Native Method)
07-27 17:40:55.939  1735  7080 W Bundle  : 	at android.os.BinderProxy.transact(BinderProxy.java:584)
07-27 17:40:55.939  1735  7080 W Bundle  : 	at android.content.pm.BaseParceledListSlice.<init>(BaseParceledListSlice.java:94)
07-27 17:40:55.939  1735  7080 W Bundle  : 	at android.content.pm.ParceledListSlice.<init>(ParceledListSlice.java:42)
07-27 17:40:55.939  1735  7080 W Bundle  : 	at android.content.pm.ParceledListSlice.<init>(Unknown Source:0)
07-27 17:40:55.939  1735  7080 W Bundle  : 	at android.content.pm.ParceledListSlice$1.createFromParcel(ParceledListSlice.java:85)
07-27 17:40:55.939  1735  7080 W Bundle  : 	at android.content.pm.ParceledListSlice$1.createFromParcel(ParceledListSlice.java:78)
07-27 17:40:55.939  1735  7080 W Bundle  : 	at android.os.Parcel.readParcelableInternal(Parcel.java:4770)
07-27 17:40:55.939  1735  7080 W Bundle  : 	at android.os.Parcel.readParcelable(Parcel.java:4740)
07-27 17:40:55.939  1735  7080 W Bundle  : 	at android.media.session.ParcelableListBinder.onTransact(ParcelableListBinder.java:86)
07-27 17:40:55.939  1735  7080 W Bundle  : 	at android.os.Binder.execTransactInternal(Binder.java:1280)
07-27 17:40:55.939  1735  7080 W Bundle  : 	at android.os.Binder.execTransact(Binder.java:1244)
07-27 17:40:55.939  1735  7080 W Bundle  : 	at android.os.BinderProxy.transactNative(Native Method)
07-27 17:40:55.939  1735  7080 W Bundle  : 	at android.os.BinderProxy.transact(BinderProxy.java:584)
07-27 17:40:55.939  1735  7080 W Bundle  : 	at android.content.pm.BaseParceledListSlice.<init>(BaseParceledListSlice.java:94)
07-27 17:40:55.939  1735  7080 W Bundle  : 	at android.content.pm.ParceledListSlice.<init>(ParceledListSlice.java:42)
07-27 17:40:55.939  1735  7080 W Bundle  : 	at android.content.pm.ParceledListSlice.<init>(Unknown Source:0)
07-27 17:40:55.939  1735  7080 W Bundle  : 	at android.content.pm.ParceledListSlice$1.createFromParcel(ParceledListSlice.java:85)
07-27 17:40:55.939  1735  7080 W Bundle  : 	at android.content.pm.ParceledListSlice$1.createFromParcel(ParceledListSlice.java:78)
07-27 17:40:55.939  1735  7080 W Bundle  : 	at android.os.Parcel.readParcelableInternal(Parcel.java:4770)
07-27 17:40:55.939  1735  7080 W Bundle  : 	at android.os.Parcel.readParcelable(Parcel.java:4740)
07-27 17:40:55.939  1735  7080 W Bundle  : 	at android.media.session.ParcelableListBinder.onTransact(ParcelableListBinder.java:86)
07-27 17:40:55.939  1735  7080 W Bundle  : 	at android.os.Binder.execTransactInternal(Binder.java:1280)
07-27 17:40:55.939  1735  7080 W Bundle  : 	at android.os.Binder.execTransact(Binder.java:1244)
07-27 17:40:55.939  1735  7080 W Bundle  : Caused by: java.lang.ClassNotFoundException: Invalid name: .
07-27 17:40:55.939  1735  7080 W Bundle  : 	at java.lang.Class.classForName(Native Method)
07-27 17:40:55.939  1735  7080 W Bundle  : 	at java.lang.Class.forName(Class.java:454)
07-27 17:40:55.939  1735  7080 W Bundle  : 	at android.os.Parcel.readParcelableCreatorInternal(Parcel.java:4866)
07-27 17:40:55.939  1735  7080 W Bundle  : 	... 91 more
07-27 17:40:55.939  1735  7080 E Parcel  : Unparcelling of {} of type VAL_MAP  consumed 4 bytes, but -540 expected.
07-27 17:40:55.939  1735  7080 E Parcel  : android.util.Log$TerribleFailure: Unparcelling of {} of type VAL_MAP  consumed 4 bytes, but -540 expected.
07-27 17:40:55.939  1735  7080 E Parcel  : 	at android.util.Log.wtf(Log.java:315)
07-27 17:40:55.939  1735  7080 E Parcel  : 	at android.util.Slog.wtfStack(Slog.java:245)
07-27 17:40:55.939  1735  7080 E Parcel  : 	at android.os.Parcel.readValue(Parcel.java:4315)
07-27 17:40:55.939  1735  7080 E Parcel  : 	at android.os.Parcel.-$$Nest$mreadValue(Unknown Source:0)
07-27 17:40:55.939  1735  7080 E Parcel  : 	at android.os.Parcel$LazyValue.apply(Parcel.java:4407)
07-27 17:40:55.939  1735  7080 E Parcel  : 	at android.os.Parcel$LazyValue.apply(Parcel.java:4366)
07-27 17:40:55.939  1735  7080 E Parcel  : 	at android.os.BaseBundle.getValueAt(BaseBundle.java:394)
07-27 17:40:55.939  1735  7080 E Parcel  : 	at android.os.BaseBundle.unparcel(BaseBundle.java:330)
07-27 17:40:55.939  1735  7080 E Parcel  : 	at android.os.BaseBundle.readFromParcelInner(BaseBundle.java:1848)
07-27 17:40:55.939  1735  7080 E Parcel  : 	at android.os.BaseBundle.<init>(BaseBundle.java:170)
07-27 17:40:55.939  1735  7080 E Parcel  : 	at android.os.Bundle.<init>(Bundle.java:103)
07-27 17:40:55.939  1735  7080 E Parcel  : 	at android.os.Parcel.readBundle(Parcel.java:3306)
07-27 17:40:55.939  1735  7080 E Parcel  : 	at android.os.Parcel.readBundle(Parcel.java:3289)
07-27 17:40:55.939  1735  7080 E Parcel  : 	at android.widget.RemoteViews$ReflectionAction.<init>(RemoteViews.java:1909)
07-27 17:40:55.939  1735  7080 E Parcel  : 	at android.widget.RemoteViews.getActionFromParcel(RemoteViews.java:3900)
07-27 17:40:55.939  1735  7080 E Parcel  : 	at android.widget.RemoteViews.readActionsFromParcel(RemoteViews.java:3887)
07-27 17:40:55.939  1735  7080 E Parcel  : 	at android.widget.RemoteViews.<init>(RemoteViews.java:3844)
07-27 17:40:55.939  1735  7080 E Parcel  : 	at android.widget.RemoteViews.<init>(RemoteViews.java:3815)
07-27 17:40:55.939  1735  7080 E Parcel  : 	at android.widget.RemoteViews$2.createFromParcel(RemoteViews.java:6292)
07-27 17:40:55.939  1735  7080 E Parcel  : 	at android.widget.RemoteViews$2.createFromParcel(RemoteViews.java:6290)
07-27 17:40:55.939  1735  7080 E Parcel  : 	at android.os.Parcel.readParcelableInternal(Parcel.java:4772)
07-27 17:40:55.939  1735  7080 E Parcel  : 	at android.os.Parcel.readParcelable(Parcel.java:4754)
07-27 17:40:55.939  1735  7080 E Parcel  : 	at android.os.Message.readFromParcel(Message.java:657)
07-27 17:40:55.939  1735  7080 E Parcel  : 	at android.os.Message.-$$Nest$mreadFromParcel(Unknown Source:0)
07-27 17:40:55.939  1735  7080 E Parcel  : 	at android.os.Message$1.createFromParcel(Message.java:612)
07-27 17:40:55.939  1735  7080 E Parcel  : 	at android.os.Message$1.createFromParcel(Message.java:609)
07-27 17:40:55.939  1735  7080 E Parcel  : 	at android.os.Parcel.readParcelableInternal(Parcel.java:4772)
07-27 17:40:55.939  1735  7080 E Parcel  : 	at android.os.Parcel.readParcelable(Parcel.java:4740)
07-27 17:40:55.939  1735  7080 E Parcel  : 	at android.media.session.ParcelableListBinder.onTransact(ParcelableListBinder.java:86)
07-27 17:40:55.939  1735  7080 E Parcel  : 	at android.os.Binder.execTransactInternal(Binder.java:1280)
07-27 17:40:55.939  1735  7080 E Parcel  : 	at android.os.Binder.execTransact(Binder.java:1244)
07-27 17:40:55.939  1735  7080 E Parcel  : 	at android.os.BinderProxy.transactNative(Native Method)
07-27 17:40:55.939  1735  7080 E Parcel  : 	at android.os.BinderProxy.transact(BinderProxy.java:584)
07-27 17:40:55.939  1735  7080 E Parcel  : 	at android.content.pm.BaseParceledListSlice.<init>(BaseParceledListSlice.java:94)
07-27 17:40:55.939  1735  7080 E Parcel  : 	at android.content.pm.ParceledListSlice.<init>(ParceledListSlice.java:42)
07-27 17:40:55.939  1735  7080 E Parcel  : 	at android.content.pm.ParceledListSlice.<init>(Unknown Source:0)
07-27 17:40:55.939  1735  7080 E Parcel  : 	at android.content.pm.ParceledListSlice$1.createFromParcel(ParceledListSlice.java:85)
07-27 17:40:55.939  1735  7080 E Parcel  : 	at android.content.pm.ParceledListSlice$1.createFromParcel(ParceledListSlice.java:78)
07-27 17:40:55.939  1735  7080 E Parcel  : 	at android.os.Parcel.readParcelableInternal(Parcel.java:4770)
07-27 17:40:55.939  1735  7080 E Parcel  : 	at android.os.Parcel.readParcelable(Parcel.java:4740)
07-27 17:40:55.939  1735  7080 E Parcel  : 	at android.media.session.ParcelableListBinder.onTransact(ParcelableListBinder.java:86)
07-27 17:40:55.939  1735  7080 E Parcel  : 	at android.os.Binder.execTransactInternal(Binder.java:1280)
07-27 17:40:55.939  1735  7080 E Parcel  : 	at android.os.Binder.execTransact(Binder.java:1244)
07-27 17:40:55.939  1735  7080 E Parcel  : 	at android.os.BinderProxy.transactNative(Native Method)
07-27 17:40:55.939  1735  7080 E Parcel  : 	at android.os.BinderProxy.transact(BinderProxy.java:584)
07-27 17:40:55.939  1735  7080 E Parcel  : 	at android.content.pm.BaseParceledListSlice.<init>(BaseParceledListSlice.java:94)
07-27 17:40:55.939  1735  7080 E Parcel  : 	at android.content.pm.ParceledListSlice.<init>(ParceledListSlice.java:42)
07-27 17:40:55.939  1735  7080 E Parcel  : 	at android.content.pm.ParceledListSlice.<init>(Unknown Source:0)
07-27 17:40:55.939  1735  7080 E Parcel  : 	at android.content.pm.ParceledListSlice$1.createFromParcel(ParceledListSlice.java:85)
07-27 17:40:55.939  1735  7080 E Parcel  : 	at android.content.pm.ParceledListSlice$1.createFromParcel(ParceledListSlice.java:78)
07-27 17:40:55.939  1735  7080 E Parcel  : 	at android.os.Parcel.readParcelableInternal(Parcel.java:4770)
07-27 17:40:55.939  1735  7080 E Parcel  : 	at android.os.Parcel.readParcelable(Parcel.java:4740)
07-27 17:40:55.939  1735  7080 E Parcel  : 	at android.media.session.ParcelableListBinder.onTransact(ParcelableListBinder.java:86)
07-27 17:40:55.939  1735  7080 E Parcel  : 	at android.os.Binder.execTransactInternal(Binder.java:1280)
07-27 17:40:55.939  1735  7080 E Parcel  : 	at android.os.Binder.execTransact(Binder.java:1244)
07-27 17:40:55.939  1735  7080 E Parcel  : 	at android.os.BinderProxy.transactNative(Native Method)
07-27 17:40:55.939  1735  7080 E Parcel  : 	at android.os.BinderProxy.transact(BinderProxy.java:584)
07-27 17:40:55.939  1735  7080 E Parcel  : 	at android.content.pm.BaseParceledListSlice.<init>(BaseParceledListSlice.java:94)
07-27 17:40:55.939  1735  7080 E Parcel  : 	at android.content.pm.ParceledListSlice.<init>(ParceledListSlice.java:42)
07-27 17:40:55.939  1735  7080 E Parcel  : 	at android.content.pm.ParceledListSlice.<init>(Unknown Source:0)
07-27 17:40:55.939  1735  7080 E Parcel  : 	at android.content.pm.ParceledListSlice$1.createFromParcel(ParceledListSlice.java:85)
07-27 17:40:55.939  1735  7080 E Parcel  : 	at android.content.pm.ParceledListSlice$1.createFromParcel(ParceledListSlice.java:78)
07-27 17:40:55.939  1735  7080 E Parcel  : 	at android.os.Parcel.readParcelableInternal(Parcel.java:4770)
07-27 17:40:55.939  1735  7080 E Parcel  : 	at android.os.Parcel.readParcelable(Parcel.java:4740)
07-27 17:40:55.939  1735  7080 E Parcel  : 	at android.media.session.ParcelableListBinder.onTransact(ParcelableListBinder.java:86)
07-27 17:40:55.939  1735  7080 E Parcel  : 	at android.os.Binder.execTransactInternal(Binder.java:1280)
07-27 17:40:55.939  1735  7080 E Parcel  : 	at android.os.Binder.execTransact(Binder.java:1244)
07-27 17:40:55.939  1735  7080 E Parcel  : 	at android.os.BinderProxy.transactNative(Native Method)
07-27 17:40:55.939  1735  7080 E Parcel  : 	at android.os.BinderProxy.transact(BinderProxy.java:584)
07-27 17:40:55.939  1735  7080 E Parcel  : 	at android.content.pm.BaseParceledListSlice.<init>(BaseParceledListSlice.java:94)
07-27 17:40:55.939  1735  7080 E Parcel  : 	at android.content.pm.ParceledListSlice.<init>(ParceledListSlice.java:42)
07-27 17:40:55.939  1735  7080 E Parcel  : 	at android.content.pm.ParceledListSlice.<init>(Unknown Source:0)
07-27 17:40:55.939  1735  7080 E Parcel  : 	at android.content.pm.ParceledListSlice$1.createFromParcel(ParceledListSlice.java:85)
07-27 17:40:55.939  1735  7080 E Parcel  : 	at android.content.pm.ParceledListSlice$1.createFromParcel(ParceledListSlice.java:78)
07-27 17:40:55.939  1735  7080 E Parcel  : 	at android.os.Parcel.readParcelableInternal(Parcel.java:4770)
07-27 17:40:55.939  1735  7080 E Parcel  : 	at android.os.Parcel.readParcelable(Parcel.java:4740)
07-27 17:40:55.939  1735  7080 E Parcel  : 	at android.media.session.ParcelableListBinder.onTransact(ParcelableListBinder.java:86)
07-27 17:40:55.939  1735  7080 E Parcel  : 	at android.os.Binder.execTransactInternal(Binder.java:1280)
07-27 17:40:55.939  1735  7080 E Parcel  : 	at android.os.Binder.execTransact(Binder.java:1244)
07-27 17:40:55.939  1735  7080 E Parcel  : 	at android.os.BinderProxy.transactNative(Native Method)
07-27 17:40:55.939  1735  7080 E Parcel  : 	at android.os.BinderProxy.transact(BinderProxy.java:584)
07-27 17:40:55.939  1735  7080 E Parcel  : 	at android.content.pm.BaseParceledListSlice.<init>(BaseParceledListSlice.java:94)
07-27 17:40:55.939  1735  7080 E Parcel  : 	at android.content.pm.ParceledListSlice.<init>(ParceledListSlice.java:42)
07-27 17:40:55.939  1735  7080 E Parcel  : 	at android.content.pm.ParceledListSlice.<init>(Unknown Source:0)
07-27 17:40:55.939  1735  7080 E Parcel  : 	at android.content.pm.ParceledListSlice$1.createFromParcel(ParceledListSlice.java:85)
07-27 17:40:55.939  1735  7080 E Parcel  : 	at android.content.pm.ParceledListSlice$1.createFromParcel(ParceledListSlice.java:78)
07-27 17:40:55.939  1735  7080 E Parcel  : 	at android.os.Parcel.readParcelableInternal(Parcel.java:4770)
07-27 17:40:55.939  1735  7080 E Parcel  : 	at android.os.Parcel.readParcelable(Parcel.java:4740)
07-27 17:40:55.939  1735  7080 E Parcel  : 	at android.media.session.ParcelableListBinder.onTransact(ParcelableListBinder.java:86)
07-27 17:40:55.939  1735  7080 E Parcel  : 	at android.os.Binder.execTransactInternal(Binder.java:1280)
07-27 17:40:55.939  1735  7080 E Parcel  : 	at android.os.Binder.execTransact(Binder.java:1244)
07-27 17:40:55.940  1735  7080 W Parcel  : Attempt to read object from Parcel 0x751226ec10 at offset 128 that is not in the object list
07-27 17:40:55.942  4158  7079 I MainActivity: Created 6 ValueLeaker-s
07-27 17:40:55.942  4158  7079 I MainActivity: Locking ActivityTaskManagerService
07-27 17:40:55.945  1735  7080 W Binder  : Outgoing transactions from this process must be FLAG_ONEWAY
07-27 17:40:55.945  1735  7080 W Binder  : java.lang.Throwable
07-27 17:40:55.945  1735  7080 W Binder  : 	at android.os.BinderProxy.transact(BinderProxy.java:545)
07-27 17:40:55.945  1735  7080 W Binder  : 	at android.content.pm.BaseParceledListSlice.<init>(BaseParceledListSlice.java:94)
07-27 17:40:55.945  1735  7080 W Binder  : 	at android.content.pm.ParceledListSlice.<init>(ParceledListSlice.java:42)
07-27 17:40:55.945  1735  7080 W Binder  : 	at android.content.pm.ParceledListSlice.<init>(Unknown Source:0)
07-27 17:40:55.945  1735  7080 W Binder  : 	at android.content.pm.ParceledListSlice$1.createFromParcel(ParceledListSlice.java:85)
07-27 17:40:55.945  1735  7080 W Binder  : 	at android.content.pm.ParceledListSlice$1.createFromParcel(ParceledListSlice.java:78)
07-27 17:40:55.945  1735  7080 W Binder  : 	at android.os.Parcel.readParcelableInternal(Parcel.java:4770)
07-27 17:40:55.945  1735  7080 W Binder  : 	at android.os.Parcel.readValue(Parcel.java:4529)
07-27 17:40:55.945  1735  7080 W Binder  : 	at android.os.Parcel.readValue(Parcel.java:4312)
07-27 17:40:55.945  1735  7080 W Binder  : 	at android.os.Parcel.-$$Nest$mreadValue(Unknown Source:0)
07-27 17:40:55.945  1735  7080 W Binder  : 	at android.os.Parcel$LazyValue.apply(Parcel.java:4407)
07-27 17:40:55.945  1735  7080 W Binder  : 	at android.os.Parcel$LazyValue.apply(Parcel.java:4366)
07-27 17:40:55.945  1735  7080 W Binder  : 	at android.os.BaseBundle.getValueAt(BaseBundle.java:394)
07-27 17:40:55.945  1735  7080 W Binder  : 	at android.os.BaseBundle.getValue(BaseBundle.java:374)
07-27 17:40:55.945  1735  7080 W Binder  : 	at android.os.BaseBundle.getValue(BaseBundle.java:357)
07-27 17:40:55.945  1735  7080 W Binder  : 	at android.os.BaseBundle.getValue(BaseBundle.java:350)
07-27 17:40:55.945  1735  7080 W Binder  : 	at android.os.Bundle.getParcelable(Bundle.java:913)
07-27 17:40:55.945  1735  7080 W Binder  : 	at android.app.ActivityOptions.<init>(ActivityOptions.java:1175)
07-27 17:40:55.945  1735  7080 W Binder  : 	at android.app.ActivityOptions.fromBundle(ActivityOptions.java:1446)
07-27 17:40:55.945  1735  7080 W Binder  : 	at com.android.server.wm.SafeActivityOptions.fromBundle(SafeActivityOptions.java:76)
07-27 17:40:55.945  1735  7080 W Binder  : 	at com.android.server.wm.ActivityTaskManagerService.moveTaskToFront(ActivityTaskManagerService.java:2120)
07-27 17:40:55.945  1735  7080 W Binder  : 	at android.app.IActivityTaskManager$Stub.onTransact(IActivityTaskManager.java:1316)
07-27 17:40:55.945  1735  7080 W Binder  : 	at com.android.server.wm.ActivityTaskManagerService.onTransact(ActivityTaskManagerService.java:5183)
07-27 17:40:55.945  1735  7080 W Binder  : 	at android.os.Binder.execTransactInternal(Binder.java:1280)
07-27 17:40:55.945  1735  7080 W Binder  : 	at android.os.Binder.execTransact(Binder.java:1244)
07-27 17:40:55.945  4158  7079 I MainActivity: Locked ActivityTaskManagerService
07-27 17:40:55.947  1735  7080 D CompatibilityChangeReporter: Compat change id reported: 135634846; UID 1000; state: DISABLED
07-27 17:40:55.947  1735  7080 D CompatibilityChangeReporter: Compat change id reported: 177438394; UID 1000; state: DISABLED
07-27 17:40:55.947  1735  7080 D CompatibilityChangeReporter: Compat change id reported: 135772972; UID 1000; state: DISABLED
07-27 17:40:55.947  1735  7080 D CompatibilityChangeReporter: Compat change id reported: 135754954; UID 1000; state: ENABLED
07-27 17:40:55.967   794   794 D Zygote  : Forked child process 7082
07-27 17:40:55.968  1735  1771 I ActivityManager: Start proc 7082:com.android.settings/1000 for content provider {com.android.settings/com.android.settings.slices.SettingsSliceProvider}
07-27 17:40:55.985  7082  7082 E ndroid.settings: Not starting debugger since process cannot load the jdwp agent.
07-27 17:40:56.251  1735  7080 E Parcel  : allowSquashing wasn't restored.
07-27 17:40:56.254  4158  7079 I MainActivity: Unlocking ActivityTaskManagerService
07-27 17:40:56.255  1735  1771 W ActivityManager: Slow operation: 308ms so far, now at startProcess: done updating pids map
07-27 17:40:56.255  1735  7080 W ActivityTaskManager: ActivityTaskManager onTransact aborts UID:10242 PID:4158
07-27 17:40:56.255  1735  7080 W ActivityTaskManager: java.lang.ClassCastException: android.content.pm.ParceledListSlice cannot be cast to android.graphics.Rect
07-27 17:40:56.255  1735  7080 W ActivityTaskManager: 	at android.app.ActivityOptions.<init>(ActivityOptions.java:1175)
07-27 17:40:56.255  1735  7080 W ActivityTaskManager: 	at android.app.ActivityOptions.fromBundle(ActivityOptions.java:1446)
07-27 17:40:56.255  1735  7080 W ActivityTaskManager: 	at com.android.server.wm.SafeActivityOptions.fromBundle(SafeActivityOptions.java:76)
07-27 17:40:56.255  1735  7080 W ActivityTaskManager: 	at com.android.server.wm.ActivityTaskManagerService.moveTaskToFront(ActivityTaskManagerService.java:2120)
07-27 17:40:56.255  1735  7080 W ActivityTaskManager: 	at android.app.IActivityTaskManager$Stub.onTransact(IActivityTaskManager.java:1316)
07-27 17:40:56.255  1735  7080 W ActivityTaskManager: 	at com.android.server.wm.ActivityTaskManagerService.onTransact(ActivityTaskManagerService.java:5183)
07-27 17:40:56.255  1735  7080 W ActivityTaskManager: 	at android.os.Binder.execTransactInternal(Binder.java:1280)
07-27 17:40:56.255  1735  7080 W ActivityTaskManager: 	at android.os.Binder.execTransact(Binder.java:1244)
07-27 17:40:56.255  1735  7080 E JavaBinder: *** Uncaught remote exception!  (Exceptions are not yet supported across processes.)
07-27 17:40:56.255  1735  7080 E JavaBinder: java.lang.ClassCastException: android.content.pm.ParceledListSlice cannot be cast to android.graphics.Rect
07-27 17:40:56.255  1735  7080 E JavaBinder: 	at android.app.ActivityOptions.<init>(ActivityOptions.java:1175)
07-27 17:40:56.255  1735  7080 E JavaBinder: 	at android.app.ActivityOptions.fromBundle(ActivityOptions.java:1446)
07-27 17:40:56.255  1735  7080 E JavaBinder: 	at com.android.server.wm.SafeActivityOptions.fromBundle(SafeActivityOptions.java:76)
07-27 17:40:56.255  1735  7080 E JavaBinder: 	at com.android.server.wm.ActivityTaskManagerService.moveTaskToFront(ActivityTaskManagerService.java:2120)
07-27 17:40:56.255  1735  7080 E JavaBinder: 	at android.app.IActivityTaskManager$Stub.onTransact(IActivityTaskManager.java:1316)
07-27 17:40:56.255  1735  7080 E JavaBinder: 	at com.android.server.wm.ActivityTaskManagerService.onTransact(ActivityTaskManagerService.java:5183)
07-27 17:40:56.255  1735  7080 E JavaBinder: 	at android.os.Binder.execTransactInternal(Binder.java:1280)
07-27 17:40:56.255  1735  7080 E JavaBinder: 	at android.os.Binder.execTransact(Binder.java:1244)
07-27 17:40:56.256  4158  7079 I MainActivity: Unlocked ActivityTaskManagerService
07-27 17:40:56.256  4158  7079 I MainActivity: leakedBinders=[android.os.BinderProxy@1a9ad8f, android.os.BinderProxy@1a9ad8f]
07-27 17:40:56.257  4158  7079 I MainActivity: Leaked interface: android.app.IApplicationThread
07-27 17:40:56.257  4158  7079 I MainActivity: Leaked interface: android.app.IApplicationThread
07-27 17:40:56.267  7082  7082 D CompatibilityChangeReporter: Compat change id reported: 171979766; UID 1000; state: ENABLED
07-27 17:40:56.285  7082  7082 W ndroid.settings: ClassLoaderContext shared library size mismatch. Expected=3, found=1 (PCL[]{PCL[/system/framework/org.apache.http.legacy.jar*3145838628]#PCL[/system_ext/framework/androidx.window.extensions.jar*778675455]#PCL[/system_ext/framework/androidx.window.sidecar.jar*3266333672]} | PCL[]{PCL[/system/framework/org.apache.http.legacy.jar*3145838628]})
07-27 17:40:56.302  7082  7082 V GraphicsEnvironment: ANGLE Developer option for 'com.android.settings' set to: 'default'
07-27 17:40:56.302  7082  7082 V GraphicsEnvironment: ANGLE GameManagerService for com.android.settings: false
07-27 17:40:56.302  7082  7082 V GraphicsEnvironment: Neither updatable production driver nor prerelease driver is supported.
07-27 17:40:56.304  7082  7082 D NetworkSecurityConfig: No Network Security Config specified, using platform default
07-27 17:40:56.305  7082  7082 D NetworkSecurityConfig: No Network Security Config specified, using platform default
07-27 17:40:56.308  7082  7082 V BatteryUsageContentProvider: initialize provider
07-27 17:40:56.319  7082  7082 D SettingsSliceProvider: init
07-27 17:40:56.319  7082  7082 D SettingsSliceProvider: onCreateSliceProvider
07-27 17:40:56.327  7082  7082 D EmbeddingCompat: Embedding extension version not found
07-27 17:40:56.327  7082  7082 D EmbeddingBackend: No supported embedding extension found
07-27 17:40:56.329  7082  7082 D ActivityEmbeddingUtils: isFlagEnabled = true
07-27 17:40:56.329  7082  7082 D ActivityEmbeddingUtils: isSplitSupported = false
07-27 17:40:56.329  7082  7082 D ActivityEmbeddingCtrl: Not support this feature now
07-27 17:40:56.458  4158  7079 I MainActivity: Requesting code execution
07-27 17:40:56.460  7082  7082 W ndroid.settings: type=1400 audit(0.0:73): avc: denied { write } for name="com.example.leakvalue-HwNVDHT32S_ZcuACyBehPQ==" dev="dm-42" ino=8246 scontext=u:r:system_app:s0 tcontext=u:object_r:apk_data_file:s0 tclass=dir permissive=0
07-27 17:40:56.468  7082  7082 D NetworkSecurityConfig: No Network Security Config specified, using platform default
07-27 17:40:56.468  7082  7082 W nsconfig: null: New config does not match the previously set config.
07-27 17:40:56.470  7082  7082 I Shellcode: Shellcode has been executed in uid=1000 pid=7082
07-27 17:40:56.492  4158  4182 I MainActivity: Shellcode has been executed in uid=1000 pid=7082 packageName=com.android.settings
07-27 17:40:56.492  4158  4182 I MainActivity: uid=1000(system) gid=1000(system) groups=1000(system),1007(log),1065(reserved_disk),1077(external_storage),3001(net_bt_admin),3002(net_bt),3003(inet),3007(net_bw_acct),9997(everybody) context=u:r:system_app:s0
07-27 17:40:56.493  7082  7082 I Shellcode: Shellcode has been executed in uid=1000 pid=7082
07-27 17:40:56.513  4158  4182 I MainActivity: Shellcode has been executed in uid=1000 pid=7082 packageName=com.android.settings
07-27 17:40:56.513  4158  4182 I MainActivity: uid=1000(system) gid=1000(system) groups=1000(system),1007(log),1065(reserved_disk),1077(external_storage),3001(net_bt_admin),3002(net_bt),3003(inet),3007(net_bw_acct),9997(everybody) context=u:r:system_app:s0
07-27 17:40:56.761   813  1316 D audio_hw_35l41: cs35l41_rtlogger_data_analysis: Left/Top impedance: 561261
07-27 17:40:56.761   813  1316 D audio_hw_35l41: cs35l41_rtlogger_data_analysis: Right/Bottom impedance: 634333
07-27 17:40:56.761   813  1316 D audio_hw_35l41: cs35l41_bdlogger_data_analysis: Left/Top Max temp: 0x619a0 ==> 24.400391 C
07-27 17:40:56.762   813  1316 D audio_hw_35l41: cs35l41_bdlogger_data_analysis: Left/Top Max exc: 0xadc9 ==> 0.084856 mm
07-27 17:40:56.762   813  1316 D audio_hw_35l41: cs35l41_bdlogger_data_analysis: Left/Top dsp heartbeat = 0x4064
07-27 17:40:56.762   813  1316 D audio_hw_35l41: cs35l41_bdlogger_data_analysis: Right/Bottom Max temp: 0x62b7c ==> 24.679443 C
07-27 17:40:56.762   813  1316 D audio_hw_35l41: cs35l41_bdlogger_data_analysis: Right/Bottom Max exc: 0x18a2e ==> 0.192471 mm
07-27 17:40:56.762   813  1316 D audio_hw_35l41: cs35l41_bdlogger_data_analysis: Right/Bottom dsp heartbeat = 0x4913
07-27 17:40:57.404  1735  7080 D OomAdjuster: Not killing cached processes
07-27 17:40:57.409  5086  5086 D BoundBrokerSvc: onUnbind: Intent { act=com.google.android.gms.clearcut.service.START dat=chimera-action: cmp=com.google.android.gms/.chimera.PersistentDirectBootAwareApiService }
